emu compiled at Sep  4 2026, 11:11:12
[INFO] init for constantin: loaded from init.
Using simulated 1048576B flash
Core  0's Commit SHA is: b90dbba40d, dirty: 0
Using simulated 8386560MB RAM
The image is /nfs/home/sunyuhang/bug-replay/6265/minimal/test.elf
ELF file detected and loading image from extracted elf file
Loading 100 bytes at address 0x80000000 at offset 0x0
Loading 8 bytes at address 0x80002000 at offset 0x2000
The reference model is /nfs/home/sunyuhang/bug-replay/6265/minimal/../replay-work/xs-env/XiangShan/ready-to-run/riscv64-nemu-interpreter-so
The first instruction of core 0 has commited. Difftest enabled. 

============== Commit Group Trace (Core 0) ==============
commit group [00]: pc 001000000c cmtcnt 1
commit group [01]: pc 0010000010 cmtcnt 1
commit group [02]: pc 0010000014 cmtcnt 1
commit group [03]: pc 0080000000 cmtcnt 1
commit group [04]: pc 0080000004 cmtcnt 1
commit group [05]: pc 0080000008 cmtcnt 1
commit group [06]: pc 008000000c cmtcnt 1
commit group [07]: pc 0080000010 cmtcnt 1
commit group [08]: pc 0080000014 cmtcnt 1
commit group [09]: pc 0080000018 cmtcnt 1
commit group [10]: pc 008000001c cmtcnt 1
commit group [11]: pc 0080000020 cmtcnt 1
commit group [12]: pc 0080000024 cmtcnt 1
commit group [13]: pc 0080000028 cmtcnt 1
commit group [14]: pc 008000002c cmtcnt 1
commit group [15]: pc 0080000030 cmtcnt 1 <--

============== Commit Instr Trace ==============
[00] commit pc 0000000010000000 inst 74446073 wen 0 dst 00 data 0000000000000000 idx 000
[01] commit pc 0000000010000004 inst 0010029b wen 1 dst 05 data 0000000000000001 idx 001
[02] commit pc 0000000010000008 inst 02a29313 wen 1 dst 06 data 0000040000000000 idx 002
[03] commit pc 000000001000000c inst 30033073 wen 0 dst 00 data 0000040000000000 idx 003
[04] commit pc 0000000010000010 inst 01f29293 wen 1 dst 05 data 0000000080000000 idx 004
[05] commit pc 0000000010000014 inst 00028067 wen 0 dst 00 data 0000000080000000 idx 005
[06] commit pc 0000000080000000 inst 300022f3 wen 1 dst 05 data 0000000a00000000 idx 006
[07] commit pc 0000000080000004 inst 00300313 wen 1 dst 06 data 0000000000000003 idx 007
[08] commit pc 0000000080000008 inst 00b31313 wen 1 dst 06 data 0000000000001800 idx 008
[09] commit pc 000000008000000c inst 0062e2b3 wen 1 dst 05 data 0000000a00001800 idx 009
[10] commit pc 0000000080000010 inst 30029073 wen 0 dst 00 data 0000000a00001800 idx 00a
[11] commit pc 0000000080000014 inst 00000297 wen 1 dst 05 data 0000000080000014 idx 00b
[12] commit pc 0000000080000018 inst 03c28293 wen 1 dst 05 data 0000000080000050 idx 00c
[13] commit pc 000000008000001c inst 30529073 wen 0 dst 00 data 0000000080000050 idx 00d
[14] commit pc 0000000080000020 inst fff00293 wen 1 dst 05 data ffffffffffffffff idx 00e
[15] commit pc 0000000080000024 inst 3b029073 wen 0 dst 00 data ffffffffffffffff idx 00f
[16] commit pc 0000000080000028 inst 01f00293 wen 1 dst 05 data 000000000000001f idx 010
[17] commit pc 000000008000002c inst 3a029073 wen 0 dst 00 data 000000000000001f idx 011
[18] commit pc 0000000080000030 inst 3a201073 wen 0 dst 00 data 000000000000001f idx 012
[19] exception pc 0000000080000034 inst 00103083 cause 0000000000000005 <--

==============  REF Regs  ==============
---------------- Intger Registers ----------------
  $0: 0x0000000000000000   ra: 0x0000000000000000   sp: 0x0000000000000000   gp: 0x0000000000000000 
  tp: 0x0000000000000000   t0: 0x000000000000001f   t1: 0x0000000000001800   t2: 0x0000000000000000 
  s0: 0x0000000000000000   s1: 0x0000000000000000   a0: 0x0000000000000000   a1: 0x0000000000000000 
  a2: 0x0000000000000000   a3: 0x0000000000000000   a4: 0x0000000000000000   a5: 0x0000000000000000 
  a6: 0x0000000000000000   a7: 0x0000000000000000   s2: 0x0000000000000000   s3: 0x0000000000000000 
  s4: 0x0000000000000000   s5: 0x0000000000000000   s6: 0x0000000000000000   s7: 0x0000000000000000 
  s8: 0x0000000000000000   s9: 0x0000000000000000  s10: 0x0000000000000000  s11: 0x0000000000000000 
  t3: 0x0000000000000000   t4: 0x0000000000000000   t5: 0x0000000000000000   t6: 0x0000000000000000 
---------------- Float Registers ----------------
 ft0: 0x2ac00104a3c42bf2  ft1: 0xcd43c70c4df44343  ft2: 0x1faf0f9838546449  ft3: 0x88130524166df6a9 
 ft4: 0x3ad551e669259d16  ft5: 0x3bd0e8e91df81256  ft6: 0xa941d4524952467c  ft7: 0x9f040a0a1b8b2d4b 
 fs0: 0x12eac383a5232ce6  fs1: 0x07d5e66a2c68f77a  fa0: 0xeaa83b16526d30f7  fa1: 0x028887bccda2aeae 
 fa2: 0x0351ab188b9e5cd2  fa3: 0xa98f79f38eb5d996  fa4: 0xa79338a329f85b91  fa5: 0xda1bf89530dcbfad 
 fa6: 0x8ff2619def04b31f  fa7: 0x9f4f5082091b0e31  fs2: 0x76dc6e7f899aec6a  fs3: 0xb182c8b0982e6824 
 fs4: 0x1122674f7f6753a5  fs5: 0xd8a38e97c2670b4a  fs6: 0x385e9b9496cd7e1b  fs7: 0xfd6158f577dafbbc 
 fs8: 0x62b8aa9e925cbc87  fs9: 0xf32a89b154a93af2 fs10: 0x2136770478bdefbf fs11: 0x0a60a241a8af0202 
 ft8: 0x22164fd35d23306a  ft9: 0x706db11e7b2fca6b ft10: 0xf8c59aec41e444bd ft11: 0x5135d1cadc3881b4 
 fcsr: 0x0000000000000000 fflags: 0x0000000000000000 frm: 0x0000000000000000
---------------- Privileged CSRs ----------------
pc: 0x0000000080000050  privilege mode: M (mode: 3  v: 0  debug: 0)
   mstatus: 0x0000040a00001800   sstatus: 0x0000000200000000  vsstatus: 0x0000000200000000
   hstatus: 0x0000000200000000  mnstatus: 0x0000000000000008
    mcause: 0x0000000000000004      mepc: 0x0000000080000034     mtval: 0x0000000000000001
    scause: 0x0000000000000000      sepc: 0x0000000000000000     stval: 0x0000000000000000
   vscause: 0x0000000000000000     vsepc: 0x0000000000000000    vstval: 0x0000000000000000
   mncause: 0x0000000000000000     mnepc: 0x0000000000000000 mnscratch: 0x0000000000000000
    mtval2: 0x0000000000000000     htval: 0x0000000000000000
    mtinst: 0x0000000000000000    htinst: 0x0000000000000000
  mscratch: 0x52eb9d644f163c45  sscratch: 0xe26541db2ccaf917 vsscratch: 0x245c6417ea315857
     mtvec: 0x0000000080000050     stvec: 0x0000000000000000    vstvec: 0x0000000000000000
       mip: 0x0000000000000000       mie: 0x0000000000000000
   mideleg: 0x0000000000001444   medeleg: 0x0000000000000000
   hideleg: 0x0000000000000000   hedeleg: 0x0000000000000000
      satp: 0x0000000000000000     hgatp: 0x0000000000000000     vsatp: 0x0000000000000000
 mcounteren: 0x0000000000000000 scounteren: 0x0000000000000000 hcounteren: 0x0000000000000000
  miselect: 0x0000000000000000  siselect: 0x0000000000000000 vsiselect: 0x0000000000000000
     mireg: 0x0000000000000000     sireg: 0x0000000000000000    vsireg: 0x0000000000000000
     mtopi: 0x0000000000000000     stopi: 0x0000000000000000    vstopi: 0x0000000000000000
     mvien: 0x0000000000000000     hvien: 0x0000000000000000      mvip: 0x0000000000000000
    mtopei: 0x0000000000000000    stopei: 0x0000000000000000   vstopei: 0x0000000000000000
    hvictl: 0x0000000000000000  hviprio1: 0x0000000000000000  hviprio2: 0x0000000000000000
---------------- PMP CSRs ----------------
pmp: 32 entries active, details:
 0: cfg:0x1f addr:0x00003fffffffffff| 1: cfg:0x00 addr:0x0000000000000000
 2: cfg:0x00 addr:0x0000000000000000| 3: cfg:0x00 addr:0x0000000000000000
 4: cfg:0x00 addr:0x0000000000000000| 5: cfg:0x00 addr:0x0000000000000000
 6: cfg:0x00 addr:0x0000000000000000| 7: cfg:0x00 addr:0x0000000000000000
 8: cfg:0x00 addr:0x0000000000000000| 9: cfg:0x00 addr:0x0000000000000000
10: cfg:0x00 addr:0x0000000000000000|11: cfg:0x00 addr:0x0000000000000000
12: cfg:0x00 addr:0x0000000000000000|13: cfg:0x00 addr:0x0000000000000000
14: cfg:0x00 addr:0x0000000000000000|15: cfg:0x00 addr:0x0000000000000000
16: cfg:0x00 addr:0x0000000000000000|17: cfg:0x00 addr:0x0000000000000000
18: cfg:0x00 addr:0x0000000000000000|19: cfg:0x00 addr:0x0000000000000000
20: cfg:0x00 addr:0x0000000000000000|21: cfg:0x00 addr:0x0000000000000000
22: cfg:0x00 addr:0x0000000000000000|23: cfg:0x00 addr:0x0000000000000000
24: cfg:0x00 addr:0x0000000000000000|25: cfg:0x00 addr:0x0000000000000000
26: cfg:0x00 addr:0x0000000000000000|27: cfg:0x00 addr:0x0000000000000000
28: cfg:0x00 addr:0x0000000000000000|29: cfg:0x00 addr:0x0000000000000000
30: cfg:0x00 addr:0x0000000000000000|31: cfg:0x00 addr:0x0000000000000000
32: cfg:0x00 addr:0x0000000000000000|33: cfg:0x00 addr:0x0000000000000000
34: cfg:0x00 addr:0x0000000000000000|35: cfg:0x00 addr:0x0000000000000000
36: cfg:0x00 addr:0x0000000000000000|37: cfg:0x00 addr:0x0000000000000000
38: cfg:0x00 addr:0x0000000000000000|39: cfg:0x00 addr:0x0000000000000000
40: cfg:0x00 addr:0x0000000000000000|41: cfg:0x00 addr:0x0000000000000000
42: cfg:0x00 addr:0x0000000000000000|43: cfg:0x00 addr:0x0000000000000000
44: cfg:0x00 addr:0x0000000000000000|45: cfg:0x00 addr:0x0000000000000000
46: cfg:0x00 addr:0x0000000000000000|47: cfg:0x00 addr:0x0000000000000000
48: cfg:0x00 addr:0x0000000000000000|49: cfg:0x00 addr:0x0000000000000000
50: cfg:0x00 addr:0x0000000000000000|51: cfg:0x00 addr:0x0000000000000000
52: cfg:0x00 addr:0x0000000000000000|53: cfg:0x00 addr:0x0000000000000000
54: cfg:0x00 addr:0x0000000000000000|55: cfg:0x00 addr:0x0000000000000000
56: cfg:0x00 addr:0x0000000000000000|57: cfg:0x00 addr:0x0000000000000000
58: cfg:0x00 addr:0x0000000000000000|59: cfg:0x00 addr:0x0000000000000000
60: cfg:0x00 addr:0x0000000000000000|61: cfg:0x00 addr:0x0000000000000000
62: cfg:0x00 addr:0x0000000000000000|63: cfg:0x00 addr:0x0000000000000000
---------------- PMA CSRs ----------------
pma: 32 entries active, details:
 0: cfg:0x00 addr:0x0000000000000000| 1: cfg:0x00 addr:0x0000000000000000
 2: cfg:0x00 addr:0x0000000000000000| 3: cfg:0x00 addr:0x0000000000000000
 4: cfg:0x00 addr:0x0000000000000000| 5: cfg:0x00 addr:0x0000000000000000
 6: cfg:0x00 addr:0x0000000000000000| 7: cfg:0x00 addr:0x0000000000000000
 8: cfg:0x00 addr:0x0000000000000000| 9: cfg:0x00 addr:0x0000000000000000
10: cfg:0x00 addr:0x0000000000000000|11: cfg:0x00 addr:0x0000000000000000
12: cfg:0x00 addr:0x0000000000000000|13: cfg:0x00 addr:0x0000000000000000
14: cfg:0x00 addr:0x0000000000000000|15: cfg:0x00 addr:0x0000000000000000
16: cfg:0x00 addr:0x0000000000000000|17: cfg:0x00 addr:0x0000000000000000
18: cfg:0x00 addr:0x0000000000000000|19: cfg:0x0b addr:0x0000000004000000
20: cfg:0x0f addr:0x0000000008000000|21: cfg:0x0b addr:0x000000000c004000
22: cfg:0x0b addr:0x000000000c014000|23: cfg:0x0b addr:0x000000000e008000
24: cfg:0x0f addr:0x000000000e008400|25: cfg:0x0b addr:0x000000000e008800
26: cfg:0x0b addr:0x000000000e400000|27: cfg:0x0b addr:0x000000000e400800
28: cfg:0x08 addr:0x000000000e800000|29: cfg:0x0b addr:0x0000000020000000
30: cfg:0x6f addr:0x0000020000000000|31: cfg:0x18 addr:0x00001fffffffffff
---------------- Vector Registers ----------------
v0 : 0x5f527962a859962b_7262f51b7363a5db  v1 : 0xbbf73f9bde0d55f2_fa28e2c31eb29dc2  
v2 : 0x21df9237986fa183_740d0003053da60e  v3 : 0x35980664f958d130_e08c7bb4f593af30  
v4 : 0x07b711522242748d_7ddcd0fafda077c0  v5 : 0xcb8092a7b654ebbb_60fa908847bb8092  
v6 : 0x251b28f4ddce4d3e_2f53fbc2ee6e1633  v7 : 0xad3e901a2538302e_2eb08c0e929e9d46  
v8 : 0x5757121e455845d0_6708e42ea3a40835  v9 : 0x43353c470714e7ca_a0ef923aef3f04f9  
v10: 0xeed387db74c6e139_8b0761cbcdff3a34  v11: 0x770f4e540bdb2f1b_146445c019e80ce6  
v12: 0xc454014ab37645de_94390059d051ef2a  v13: 0x71391f2be7c7ee99_544a81931a9e6ad5  
v14: 0x76663540365ebb0e_56cee192af256f07  v15: 0x66cfa965f581e19f_b5fb233c2f980f03  
v16: 0x4facff99f9dd5343_2f3107c6dc8f9058  v17: 0xc883b360f49299a0_8ba42520a35e147c  
v18: 0x48e3be967d11b20b_8f8ecdc2d638ecba  v19: 0x5131425e9d002381_f1f201a7c19d88e4  
v20: 0xcfe6989671591934_a40f49287a744de4  v21: 0x6df1504c5c770c32_a67229fa8a100b4a  
v22: 0xa855dd31f0f875b3_c5f8e2b72566b0ee  v23: 0x16a7543ddd3ac301_b38d1ed1453fd17f  
v24: 0xe6a8225f35045f44_c7ae2d9cfd3dd337  v25: 0x44dc3a4fa2d7f792_de325f3c9ef2f382  
v26: 0x2e77cc1f0d3e9ff7_24901fa3ac738226  v27: 0xd8494f0655ca343c_366ca67b65633cb1  
v28: 0xd97f95b7060bd638_431a5f1707204e71  v29: 0xf02c4c9ecb3f49c6_cdb12f69e31e5e11  
v30: 0xdef5ea4bca713773_d3005dde01fe8b11  v31: 0x8ca03ede33098762_d4fb9c47e69557fb  
  vtype: 0x8000000000000000 vstart: 0x0000000000000000  vxsat: 0x0000000000000001
   vxrm: 0x0000000000000001     vl: 0x0000000000000000   vcsr: 0x0000000000000003
---------------- Triggers ----------------
 tselect: 0x0000000000000000
 0: tdata1: 0xf000000000000000 tdata2: 0x0000000000000000 tdata3: 0x0000000000000000
 1: tdata1: 0xf000000000000000 tdata2: 0x0000000000000000 tdata3: 0x0000000000000000
 2: tdata1: 0xf000000000000000 tdata2: 0x0000000000000000 tdata3: 0x0000000000000000
 3: tdata1: 0xf000000000000000 tdata2: 0x0000000000000000 tdata3: 0x0000000000000000
 4: tdata1: 0x0000000000000000 tdata2: 0x0000000000000000 tdata3: 0x0000000000000000
privilegeMode: 3
 mcause different at pc = 0x008000004c, right = 0x0000000000000004, wrong = 0x0000000000000005
Core 0: [31mABORT at pc = 0x8000004c
[0m[35mCore-0 instrCnt = 19, cycleCnt = 4,287, IPC = 0.004432
[0m[34mSeed=0 Guest cycle spent: 4,292 (this will be different from cycleCnt if emu loads a snapshot)
[0m[34mHost time spent: 36,446ms
[0m