emu compiled at Sep  4 2026, 11:11:12
[INFO] init for constantin: loaded from init.
Using simulated 1048576B flash
dump wave to /nfs/home/sunyuhang/bug-replay/6265/replay-work/replay.fst...
Core  0's Commit SHA is: b90dbba40d, dirty: 0
Using simulated 8386560MB RAM
The image is /nfs/home/sunyuhang/bug-replay/6265/replay-work/seed.elf
ELF file detected and loading image from extracted elf file
Loading 7284 bytes at address 0x80000000 at offset 0x0
Loading 104 bytes at address 0x80002000 at offset 0x2000
Loading 8192 bytes at address 0x80100000 at offset 0x100000
The reference model is /nfs/home/sunyuhang/bug-replay/6265/replay-work/xs-env/XiangShan/ready-to-run/riscv64-nemu-interpreter-so
The first instruction of core 0 has commited. Difftest enabled. 

============== Commit Group Trace (Core 0) ==============
commit group [00]: pc 0080001008 cmtcnt 1
commit group [01]: pc 008000100c cmtcnt 1
commit group [02]: pc 00800012cc cmtcnt 1
commit group [03]: pc 00800012d0 cmtcnt 1
commit group [04]: pc 00800012d4 cmtcnt 1
commit group [05]: pc 0080001000 cmtcnt 1
commit group [06]: pc 0080001004 cmtcnt 1
commit group [07]: pc 0080001008 cmtcnt 1
commit group [08]: pc 008000100c cmtcnt 1
commit group [09]: pc 00800012dc cmtcnt 3
commit group [10]: pc 00800012e8 cmtcnt 1
commit group [11]: pc 00800012ec cmtcnt 2
commit group [12]: pc 0080001000 cmtcnt 1
commit group [13]: pc 0080001004 cmtcnt 1
commit group [14]: pc 0080001008 cmtcnt 1
commit group [15]: pc 008000100c cmtcnt 1 <--

============== Commit Instr Trace ==============
[00] commit pc 0000000080001000 inst 341026f3 wen 1 dst 13 data 00000000800012b8 idx 070
[01] commit pc 0000000080001004 inst 00468693 wen 1 dst 13 data 00000000800012bc idx 071
[02] commit pc 0000000080001008 inst 34169073 wen 0 dst 00 data 00000000800012bc idx 072
[03] commit pc 000000008000100c inst 30200073 wen 0 dst 00 data 00000000800012bc idx 073
[04] commit pc 00000000800012bc inst 291e26b3 wen 1 dst 13 data fffffffffaffffff idx 074
[05] commit pc 00000000800012c0 inst d226fb53 wen 1 dst 22 data c194000004000000 idx 075
[06] commit pc 00000000800012c4 inst 101d1d13 wen 1 dst 26 data 0000000000000000 idx 076
[07] exception pc 00000000800012c8 inst fbcd07d7 cause 0000000000000002
[08] commit pc 0000000080001000 inst 341026f3 wen 1 dst 13 data 00000000800012c8 idx 077
[09] commit pc 0000000080001004 inst 00468693 wen 1 dst 13 data 00000000800012cc idx 078
[10] commit pc 0000000080001008 inst 34169073 wen 0 dst 00 data 00000000800012cc idx 079
[11] commit pc 000000008000100c inst 30200073 wen 0 dst 00 data 00000000800012cc idx 07a
[12] commit pc 00000000800012cc inst 417d51bb wen 1 dst 03 data 0000000000000000 idx 07b
[13] commit pc 00000000800012d0 inst 02253633 wen 1 dst 12 data 000000004cdce197 idx 07c
[14] commit pc 00000000800012d4 inst c02b7753 wen 1 dst 14 data 7fffffffffffffff idx 07d
[15] exception pc 00000000800012d8 inst 81dfa627 cause 0000000000000007
[16] commit pc 0000000080001000 inst 341026f3 wen 1 dst 13 data 00000000800012d8 idx 07e
[17] commit pc 0000000080001004 inst 00468693 wen 1 dst 13 data 00000000800012dc idx 07f
[18] commit pc 0000000080001008 inst 34169073 wen 0 dst 00 data 00000000800012dc idx 080
[19] commit pc 000000008000100c inst 30200073 wen 0 dst 00 data 00000000800012dc idx 081
[20] commit pc 00000000800012dc inst 031c6733 wen 1 dst 14 data ffffffffffffffff idx 082
[21] commit pc 00000000800012e0 inst 10659693 wen 1 dst 13 data d401226a113795db idx 083
[22] commit pc 00000000800012e4 inst 03cbf063 wen 0 dst 00 data ffffffedfb3ffa00 idx 084
[23] commit pc 00000000800012e8 inst 02a6c7bb wen 1 dst 15 data 0000000000000000 idx 085
[24] commit pc 00000000800012ec inst 02f6fdbb wen 1 dst 27 data 00000000113795db idx 086
[25] commit pc 00000000800012f0 inst 0307c83b wen 1 dst 16 data ffffffffffffffff idx 087
[26] exception pc 00000000800012f4 inst 006d9177 cause 0000000000000002
[27] commit pc 0000000080001000 inst 341026f3 wen 1 dst 13 data 00000000800012f4 idx 088
[28] commit pc 0000000080001004 inst 00468693 wen 1 dst 13 data 00000000800012f8 idx 089
[29] commit pc 0000000080001008 inst 34169073 wen 0 dst 00 data 00000000800012f8 idx 08a
[30] commit pc 000000008000100c inst 30200073 wen 0 dst 00 data 00000000800012f8 idx 08b
[31] exception pc 00000000800012f8 inst 0f0fbc03 cause 0000000000000005 <--

==============  REF Regs  ==============
---------------- Intger Registers ----------------
  $0: 0x0000000000000000   ra: 0x000000000aebd014   sp: 0xa1c8878febabc359   gp: 0x0000000000000000 
  tp: 0x45cd353045cd3530   t0: 0x0000000000000000   t1: 0xffffffffdc14222f   t2: 0x0000000000000000 
  s0: 0x0000000000000001   s1: 0xdddddddddddddddd   a0: 0x00000000799ff9f8   a1: 0xdadc8ff41a3382b8 
  a2: 0x000000004cdce197   a3: 0x00000000800012f8   a4: 0xffffffffffffffff   a5: 0x0000000000000000 
  a6: 0xffffffffffffffff   a7: 0xffffffffd5c9cafd   s2: 0x0000000000000000   s3: 0x000000000000222f 
  s4: 0x0000000000000200   s5: 0x0000000000000000   s6: 0x80d9a568b3e7e185   s7: 0x0000000000000000 
  s8: 0xffffffffffffffff   s9: 0xfffffffff6fd9ffd  s10: 0x0000000000000000  s11: 0x00000000113795db 
  t3: 0xffffffffebabc359   t4: 0x4505511511154014   t5: 0xffffffffffffffff   t6: 0x0000000000000001 
---------------- Float Registers ----------------
 ft0: 0x7ff8000000000000  ft1: 0xffffffff46a00000  ft2: 0xffffffffffff439d  ft3: 0x10bc1fa036ff34b2 
 ft4: 0xffffffffd9e668f4  ft5: 0x40b1170000000000  ft6: 0x294a1eb645157e34  ft7: 0xffffffff2d9d07db 
 fs0: 0xffffffff144082d3  fs1: 0xffffffffbf800000  fa0: 0xffffffff5ddbbfc2  fa1: 0xe59c3dfe2d0a8de5 
 fa2: 0x0351ab188b9e5cd2  fa3: 0x41edbdbdbda00000  fa4: 0xa79338a329f85b91  fa5: 0xffffffff5e60eb04 
 fa6: 0x8ff2619def04b31f  fa7: 0x9f4f5082091b0e31  fs2: 0x76dc6e7f899aec6a  fs3: 0xb182c8b0982e6824 
 fs4: 0x1122674f7f6753a5  fs5: 0xd8a38e97c2670b4a  fs6: 0xc194000004000000  fs7: 0xfd6158f577dafbbc 
 fs8: 0x43d1415445444550  fs9: 0xf32a89b154a93af2 fs10: 0xc1bb66d69d000000 fs11: 0x7ff8000000000000 
 ft8: 0x22164fd35d23306a  ft9: 0x43efffffffe8d400 ft10: 0xf8c59aec41e444bd ft11: 0x7ff8000000000000 
 fcsr: 0x0000000000000015 fflags: 0x0000000000000015 frm: 0x0000000000000000
---------------- Privileged CSRs ----------------
pc: 0x0000000080001000  privilege mode: M (mode: 3  v: 0  debug: 0)
   mstatus: 0x8000040a00487ea0   sstatus: 0x8000000200086620  vsstatus: 0x0000000200000000
   hstatus: 0x0000000200000000  mnstatus: 0x0000000000000008
    mcause: 0x0000000000000004      mepc: 0x00000000800012f8     mtval: 0x00000000000000f1
    scause: 0x0000000000000000      sepc: 0x0000000000000000     stval: 0x0000000000000000
   vscause: 0x0000000000000000     vsepc: 0x0000000000000000    vstval: 0x0000000000000000
   mncause: 0x0000000000000000     mnepc: 0x0000000000000000 mnscratch: 0x0000000000000000
    mtval2: 0x0000000000000000     htval: 0x0000000000000000
    mtinst: 0x0000000000000000    htinst: 0x0000000000000000
  mscratch: 0x0000000000000000  sscratch: 0x0000000000000000 vsscratch: 0x245c6417ea315857
     mtvec: 0x0000000080001000     stvec: 0x0000000080001010    vstvec: 0x0000000000000000
       mip: 0x0000000000000000       mie: 0x0000000000000000
   mideleg: 0x0000000000001444   medeleg: 0x0000000000000000
   hideleg: 0x0000000000000000   hedeleg: 0x0000000000000000
      satp: 0x0000000000000000     hgatp: 0x0000000000000000     vsatp: 0x0000000000000000
 mcounteren: 0x00000000ebabc359 scounteren: 0x0000000000000000 hcounteren: 0x0000000000000000
  miselect: 0x0000000000000000  siselect: 0x0000000000000000 vsiselect: 0x0000000000000000
     mireg: 0x0000000000000000     sireg: 0x0000000000000000    vsireg: 0x0000000000000000
     mtopi: 0x0000000000000000     stopi: 0x0000000000000000    vstopi: 0x0000000000000000
     mvien: 0x0000000000000000     hvien: 0x0000000000000000      mvip: 0x0000000000000000
    mtopei: 0x0000000000000000    stopei: 0x0000000000000000   vstopei: 0x0000000000000000
    hvictl: 0x0000000000000000  hviprio1: 0x0000000000000000  hviprio2: 0x0000000000000000
---------------- PMP CSRs ----------------
pmp: 32 entries active, details:
 0: cfg:0x1f addr:0x00003fffffffffff| 1: cfg:0x00 addr:0x0000000000000000
 2: cfg:0x00 addr:0x0000000000000000| 3: cfg:0x00 addr:0x0000000000000000
 4: cfg:0x00 addr:0x0000000000000000| 5: cfg:0x00 addr:0x0000000000000000
 6: cfg:0x00 addr:0x0000000000000000| 7: cfg:0x00 addr:0x0000000000000000
 8: cfg:0x00 addr:0x0000000000000000| 9: cfg:0x00 addr:0x0000000000000000
10: cfg:0x00 addr:0x0000000000000000|11: cfg:0x00 addr:0x0000000000000000
12: cfg:0x00 addr:0x0000000000000000|13: cfg:0x00 addr:0x0000000000000000
14: cfg:0x00 addr:0x0000000000000000|15: cfg:0x00 addr:0x0000000000000000
16: cfg:0x00 addr:0x0000000000000000|17: cfg:0x00 addr:0x0000000000000000
18: cfg:0x00 addr:0x0000000000000000|19: cfg:0x00 addr:0x0000000000000000
20: cfg:0x00 addr:0x0000000000000000|21: cfg:0x00 addr:0x0000000000000000
22: cfg:0x00 addr:0x0000000000000000|23: cfg:0x00 addr:0x0000000000000000
24: cfg:0x00 addr:0x0000000000000000|25: cfg:0x00 addr:0x0000000000000000
26: cfg:0x00 addr:0x0000000000000000|27: cfg:0x00 addr:0x0000000000000000
28: cfg:0x00 addr:0x0000000000000000|29: cfg:0x00 addr:0x0000000000000000
30: cfg:0x00 addr:0x0000000000000000|31: cfg:0x00 addr:0x0000000000000000
32: cfg:0x00 addr:0x0000000000000000|33: cfg:0x00 addr:0x0000000000000000
34: cfg:0x00 addr:0x0000000000000000|35: cfg:0x00 addr:0x0000000000000000
36: cfg:0x00 addr:0x0000000000000000|37: cfg:0x00 addr:0x0000000000000000
38: cfg:0x00 addr:0x0000000000000000|39: cfg:0x00 addr:0x0000000000000000
40: cfg:0x00 addr:0x0000000000000000|41: cfg:0x00 addr:0x0000000000000000
42: cfg:0x00 addr:0x0000000000000000|43: cfg:0x00 addr:0x0000000000000000
44: cfg:0x00 addr:0x0000000000000000|45: cfg:0x00 addr:0x0000000000000000
46: cfg:0x00 addr:0x0000000000000000|47: cfg:0x00 addr:0x0000000000000000
48: cfg:0x00 addr:0x0000000000000000|49: cfg:0x00 addr:0x0000000000000000
50: cfg:0x00 addr:0x0000000000000000|51: cfg:0x00 addr:0x0000000000000000
52: cfg:0x00 addr:0x0000000000000000|53: cfg:0x00 addr:0x0000000000000000
54: cfg:0x00 addr:0x0000000000000000|55: cfg:0x00 addr:0x0000000000000000
56: cfg:0x00 addr:0x0000000000000000|57: cfg:0x00 addr:0x0000000000000000
58: cfg:0x00 addr:0x0000000000000000|59: cfg:0x00 addr:0x0000000000000000
60: cfg:0x00 addr:0x0000000000000000|61: cfg:0x00 addr:0x0000000000000000
62: cfg:0x00 addr:0x0000000000000000|63: cfg:0x00 addr:0x0000000000000000
---------------- PMA CSRs ----------------
pma: 32 entries active, details:
 0: cfg:0x00 addr:0x0000000000000000| 1: cfg:0x00 addr:0x0000000000000000
 2: cfg:0x00 addr:0x0000000000000000| 3: cfg:0x00 addr:0x0000000000000000
 4: cfg:0x00 addr:0x0000000000000000| 5: cfg:0x00 addr:0x0000000000000000
 6: cfg:0x00 addr:0x0000000000000000| 7: cfg:0x00 addr:0x0000000000000000
 8: cfg:0x00 addr:0x0000000000000000| 9: cfg:0x00 addr:0x0000000000000000
10: cfg:0x00 addr:0x0000000000000000|11: cfg:0x00 addr:0x0000000000000000
12: cfg:0x00 addr:0x0000000000000000|13: cfg:0x00 addr:0x0000000000000000
14: cfg:0x00 addr:0x0000000000000000|15: cfg:0x00 addr:0x0000000000000000
16: cfg:0x00 addr:0x0000000000000000|17: cfg:0x00 addr:0x0000000000000000
18: cfg:0x00 addr:0x0000000000000000|19: cfg:0x0b addr:0x0000000004000000
20: cfg:0x0f addr:0x0000000008000000|21: cfg:0x0b addr:0x000000000c004000
22: cfg:0x0b addr:0x000000000c014000|23: cfg:0x0b addr:0x000000000e008000
24: cfg:0x0f addr:0x000000000e008400|25: cfg:0x0b addr:0x000000000e008800
26: cfg:0x0b addr:0x000000000e400000|27: cfg:0x0b addr:0x000000000e400800
28: cfg:0x08 addr:0x000000000e800000|29: cfg:0x0b addr:0x0000000020000000
30: cfg:0x6f addr:0x0000020000000000|31: cfg:0x18 addr:0x00001fffffffffff
---------------- Vector Registers ----------------
v0 : 0x0000000000000000_0000000000000000  v1 : 0x0000000000000000_0000000000000000  
v2 : 0xffffffffffffffff_ffffffffffffffff  v3 : 0x0000000000000000_0000000000000000  
v4 : 0x07b711522242748d_7ddcd0fafda077c0  v5 : 0xcb8092a7b654ebbb_60fa908847bb8092  
v6 : 0x251b28f4ddce4d3e_2f53fbc2ee6e1633  v7 : 0x0a3c9e2cf6910a0f_0d0e8b54fb271edf  
v8 : 0x5757121e455845d0_6708e42ea3a40835  v9 : 0x43353c470714e7ca_a0ef923aef3f04f9  
v10: 0xeed387db74c6e139_8b0761cbcdff3a34  v11: 0x770f4e540bdb2f1b_146445c019e80ce6  
v12: 0xffffffffffffffff_fffffffffffffff1  v13: 0x71391f2be7c7ee99_544a81931a9e6ad5  
v14: 0xffffffffffffffff_ffffffffffffffff  v15: 0x66cfa965f581e19f_b5fb233c2f980f03  
v16: 0x4facff99f9dd5343_2f3107c6dc8f9058  v17: 0x43353c470714e7ca_a0ef923aef3f04f9  
v18: 0x48e3be967d11b20b_8f8ecdc2d638ecba  v19: 0x5131425e9d002381_f1f201a7c19d88e4  
v20: 0xcfe6989671591934_a40f49287a744de4  v21: 0x6df1504c5c770c32_a67229fa8a100b4a  
v22: 0xa855dd31f0f875b3_c5f8e2b72566b0ee  v23: 0x16a7543ddd3ac301_b38d1ed1453fd17f  
v24: 0xffffffffffffffff_ffffffffffffffff  v25: 0xffffffffffffffff_ffffffffffffffff  
v26: 0x2e77cc1f0d3e9ff7_24901fa3ac738226  v27: 0xd8494f0655ca343c_366ca67b65633cb1  
v28: 0xd97f95b7060bd638_431a5f1707204e71  v29: 0xf02c4c9ecb3f49c6_cdb12f69e31e5e11  
v30: 0xdef5ea4bca713773_d3005dde01fe8b11  v31: 0x7fc000007fc00000_7fc000007fc00000  
  vtype: 0x8000000000000000 vstart: 0x0000000000000000  vxsat: 0x0000000000000001
   vxrm: 0x0000000000000001     vl: 0x0000000000000000   vcsr: 0x0000000000000003
---------------- Triggers ----------------
 tselect: 0x0000000000000000
 0: tdata1: 0xf000000000000000 tdata2: 0x0000000000000000 tdata3: 0x726f6320636f735f
 1: tdata1: 0xf000000000000000 tdata2: 0x20706f74326c2032 tdata3: 0x326c5f72656e6e69
 2: tdata1: 0xf000000000000000 tdata2: 0x6720335f73656369 tdata3: 0x20667542746e6172
 3: tdata1: 0xf000000000000000 tdata2: 0x2031617461446575 tdata3: 0x617461645f6d6172
 4: tdata1: 0x78655f617461645f tdata2: 0x79726f6d654d2074 tdata3: 0x006b73616d770000
privilegeMode: 3
 mcause different at pc = 0x0080001314, right = 0x0000000000000004, wrong = 0x0000000000000005
Core 0: [31mABORT at pc = 0x80001314
[0m[35mCore-0 instrCnt = 518, cycleCnt = 7,066, IPC = 0.073309
[0m[34mSeed=0 Guest cycle spent: 7,071 (this will be different from cycleCnt if emu loads a snapshot)
[0m[34mHost time spent: 136,794ms
[0m