emu compiled at Sep  6 2026, 22:54:58
Using simulated 32768B flash
Using simulated 8386560MB RAM
The image is /nfs/home/sunyuhang/bug-replay/3844/case/repro.elf
ELF file detected and loading image from extracted elf file
Loading 28 bytes at address 0x80000000 at offset 0x0
The reference model is /nfs/home/sunyuhang/bug-replay/3844/xs-env/NEMU/build/riscv64-nemu-interpreter-so
The first instruction of core 0 has commited. Difftest enabled. 
ERROR: invalid mem write to paddr 0x0000000000000009, NEMU raise access exception

==============  In the last commit group  ==============
the first commit instr pc of DUT is 0x0000000080000012
the first commit instr pc of REF is 0x0000000080000012

============== Commit Group Trace (Core 0) ==============
commit group [00]: pc 0010000000 cmtcnt 1
commit group [01]: pc 0010000004 cmtcnt 1
commit group [02]: pc 0010000008 cmtcnt 1
commit group [03]: pc 0080000000 cmtcnt 2
commit group [04]: pc 0080000006 cmtcnt 4
commit group [05]: pc 0080000012 cmtcnt 1 <--
commit group [06]: pc 0000000000 cmtcnt 0
commit group [07]: pc 0000000000 cmtcnt 0
commit group [08]: pc 0000000000 cmtcnt 0
commit group [09]: pc 0000000000 cmtcnt 0
commit group [10]: pc 0000000000 cmtcnt 0
commit group [11]: pc 0000000000 cmtcnt 0
commit group [12]: pc 0000000000 cmtcnt 0
commit group [13]: pc 0000000000 cmtcnt 0
commit group [14]: pc 0000000000 cmtcnt 0
commit group [15]: pc 0000000000 cmtcnt 0

============== Commit Instr Trace ==============
[00] commit pc 0000000010000000 inst 0010029b wen 1 dst 05 data 0000000000000001 idx 000
[01] commit pc 0000000010000004 inst 01f29293 wen 1 dst 05 data 0000000080000000 idx 001
[02] commit pc 0000000010000008 inst 00028067 wen 0 dst 00 data 0000000000000000 idx 002
[03] commit pc 0000000080000000 inst c00002b7 wen 1 dst 05 data ffffffffc0000005 idx 003
[04] commit pc 0000000080000006 inst 01529293 wen 1 dst 05 data fff8000000a00000 idx 004
[05] commit pc 0000000080000012 inst 30029073 wen 0 dst 00 data 0000000000000000 idx 005
[06] exception pc 0000000080000016 inst 000114a7 cause 0000000000000006 <--

==============  REF Regs  ==============
  $0: 0x0000000000000000   ra: 0x0000000000000000   sp: 0x0000000000000000   gp: 0x0000000000000000 
  tp: 0x0000000000000000   t0: 0x8000000a00104a00   t1: 0x0000000000000000   t2: 0x0000000000000000 
  s0: 0x0000000000000000   s1: 0x0000000000000000   a0: 0x0000000000000000   a1: 0x0000000000000000 
  a2: 0x0000000000000000   a3: 0x0000000000000000   a4: 0x0000000000000000   a5: 0x0000000000000000 
  a6: 0x0000000000000000   a7: 0x0000000000000000   s2: 0x0000000000000000   s3: 0x0000000000000000 
  s4: 0x0000000000000000   s5: 0x0000000000000000   s6: 0x0000000000000000   s7: 0x0000000000000000 
  s8: 0x0000000000000000   s9: 0x0000000000000000  s10: 0x0000000000000000  s11: 0x0000000000000000 
  t3: 0x0000000000000000   t4: 0x0000000000000000   t5: 0x0000000000000000   t6: 0x0000000000000000 
 ft0: 0xa0b49b96c0cbdb22  ft1: 0x3d11c63b0f446129  ft2: 0x64b86d821c2fc074  ft3: 0x2f9c197abd49113a 
 ft4: 0x95d590374888ee8b  ft5: 0xd739245afebbd717  ft6: 0x6405562badd122d7  ft7: 0x607a7f6770d0ad19 
 fs0: 0xfa76c3185ccbdb20  fs1: 0x324016560f487996  fa0: 0x8fb5cc0319e6bd40  fa1: 0xaf41c57962614c10 
 fa2: 0xe72609a788015e6d  fa3: 0x46af02389ba49a23  fa4: 0x5a41aad4c7dd0adc  fa5: 0x0071ce1d0dec1704 
 fa6: 0x51e70ffd831fabbe  fa7: 0xa69198a09dad1192  fs2: 0x996a5ee9162f9edf  fs3: 0xa9215b2286f2b843 
 fs4: 0x1174aaad052053f0  fs5: 0x6e5f199e5693bb24  fs6: 0xf914f102503f0ebd  fs7: 0x141c76413d5ba6d3 
 fs8: 0xca6015274480a436  fs9: 0x99234f51c2abb9de fs10: 0x332fd9a19affabc8 fs11: 0xd55a2531814c604d 
 ft8: 0xc94b5f846a31e7df  ft9: 0x0617c93882575eec ft10: 0xe8a8e67662e29d9a ft11: 0xdf6cae6290bff6b5 
pc: 0x0000000000000000 mstatus: 0x0000040a00105a00 mcause: 0x0000000000000007 mepc: 0x0000000080000016
                       mnstatus: 0x0000000000000008 mncause: 0x0000000000000000 mnepc: 0x0000000000000000
                       sstatus: 0x0000000200004200 scause: 0x0000000000000000 sepc: 0x0000000000000000
satp: 0x0000000000000000
mip: 0x0000000000000000 mie: 0x0000000000000000 mscratch: 0xfa499b1b976b3ae9 sscratch: 0x1272b73196d0ed8f
mideleg: 0x0000000000001444 medeleg: 0x0000000000000000
mtval: 0x0000000000000009 stval: 0x0000000000000000 mtvec: 0x0000000000000000 stvec: 0x0000000000000000
miselect: 0x0000000000000000 siselect: 0x0000000000000000 mireg: 0x0000000000000000 sireg: 0x0000000000000000
mtopi: 0x0000000000000000 stopi: 0x0000000000000000 mvien: 0x0000000000000000 mvip: 0x0000000000000000
mtopei: 0x0000000000000000 stopei: 0x0000000000000000
fcsr: 0x0000000000000000
mtval2: 0x0000000000000000 mtinst: 0x0000000000000000 hstatus: 0x0000000200000000 hideleg: 0x0000000000000000
hedeleg: 0x0000000000000000 hcounteren: 0x0000000000000000 htval: 0x0000000000000000 htinst: 0x0000000000000000
hgatp: 0x0000000000000000 vsscratch: 0x1f7b7d1ee2397b83 vsstatus: 0x0000000200000000 vstvec: 0x0000000000000000
vsepc: 0x0000000000000000 vscause: 0x0000000000000000 vstval: 0x0000000000000000 vsatp: 0x0000000000000000
hvien: 0x0000000000000000 hvictl: 0x0000000000000000 hviprio1: 0x0000000000000000 hviprio2: 0x0000000000000000
vsiselect: 0x0000000000000000 vsireg: 0x0000000000000000 vstopi: 0x0000000000000000
vstopei: 0x0000000000000000
virtualization mode: 0
privilege mode:3
pmp: 16 entries active, details:
 0: cfg:0x00 addr:0x0000000000000000| 1: cfg:0x00 addr:0x0000000000000000
 2: cfg:0x00 addr:0x0000000000000000| 3: cfg:0x00 addr:0x0000000000000000
 4: cfg:0x00 addr:0x0000000000000000| 5: cfg:0x00 addr:0x0000000000000000
 6: cfg:0x00 addr:0x0000000000000000| 7: cfg:0x00 addr:0x0000000000000000
 8: cfg:0x00 addr:0x0000000000000000| 9: cfg:0x00 addr:0x0000000000000000
10: cfg:0x00 addr:0x0000000000000000|11: cfg:0x00 addr:0x0000000000000000
12: cfg:0x00 addr:0x0000000000000000|13: cfg:0x00 addr:0x0000000000000000
14: cfg:0x00 addr:0x0000000000000000|15: cfg:0x00 addr:0x0000000000000000
v0 : 0x9e36ee88cc484f89_64b5fc8ad07d5ced  v1 : 0x83baa0c5a8d9dc13_4fb0c14771e81bfe  
v2 : 0x2e4a21d9cebd648e_378d3673aa16e212  v3 : 0x0380f47b573d4974_ab1916fa636ba4c2  
v4 : 0x82bbb5c55bf4c8a5_7f6e4d16c136b5b2  v5 : 0x74a2f8270a62de59_67e2c42c99274c24  
v6 : 0xfe7416a1d5dd4e88_96d7bb2047ad636a  v7 : 0xe6d4e25239b9d47f_7d0dfcc7f55daef0  
v8 : 0x03200246f2a37677_bddf9d650fe33bee  v9 : 0x2f09fe75240c123a_e28f1f36a27c5560  
v10: 0xe5b956b071006173_ef6617ac01db5932  v11: 0x56a8f0f901ee8084_514db36fe8fb3a28  
v12: 0x6007739172ee7cae_98c33fe301f423fc  v13: 0x8a76638ff5eb6ae0_7ee2b37aef65c6c1  
v14: 0x2ce55f58bbb8a869_0355b9729ee3d55b  v15: 0xc231e0609a3b660a_81d97036e478aa44  
v16: 0xa87f61ffdf8d3403_3ed46b270648cef7  v17: 0x0a154dc39968d537_976fdb6a4210567a  
v18: 0x946cb31eeae24d3c_0da1152f44b15e79  v19: 0xd6b09d8245fd0dec_44cc0520d4abe5ae  
v20: 0xc446e4de7c1021d3_079b621eaa26a2f0  v21: 0x6ece4d627a0df39a_c3c22a1347fd03ba  
v22: 0x17882f63fe779634_2e85daf22c89264c  v23: 0x7f8c2a1acbc24ba8_f9d1b4ef4acd0e40  
v24: 0x0148b765a144ea77_c97c6217c6d6894c  v25: 0x021359eed052a80d_61ed74676361c13f  
v26: 0x383d81f20c37ff2d_b0b3ec864ce8c445  v27: 0x95d79550944bff1a_4473fe5eeb35939f  
v28: 0x0b4a6f1d04f2c5bf_432627b0d90fba81  v29: 0x65c554e239395140_f9e3850639d6b527  
v30: 0x7075d49ff69226e1_32861e239f9067b8  v31: 0xcb8cbb5634fd3246_70df9ef4da911a50  
vtype: 0x8000000000000000 vstart: 0x0000000000000000 vxsat: 0x0000000000000001
vxrm: 0x0000000000000001 vl: 0x0000000000000000 vcsr: 0x0000000000000003
tselect: 0x0000000000000000
 0: tdata1: 0xf000000000000000 tdata2: 0x0000000000000000
 1: tdata1: 0xf000000000000000 tdata2: 0x6f4d677562656420
 2: tdata1: 0xf000000000000000 tdata2: 0x74754f6d64206775
 3: tdata1: 0xf000000000000000 tdata2: 0x4965646f6e206563
 4: tdata1: 0x6b6e69735f645f6e tdata2: 0x69775f7864697720
privilegeMode: 3
 mcause different at pc = 0x0080000012, right= 0x0000000000000007, wrong = 0x0000000000000006
Core 0: [31mABORT at pc = 0x134ed55eff5ab
[0m[35mCore-0 instrCnt = 10, cycleCnt = 8,312, IPC = 0.001203
[0m[34mSeed=0 Guest cycle spent: 8,315 (this will be different from cycleCnt if emu loads a snapshot)
[0m[34mHost time spent: 115,404ms
[0m